{
    "test-pydamage-analyze": {
        "content": [
            {
                "0": [
                    [
                        {
                            "id": "test",
                            "single_end": false
                        },
                        "test_pydamage_results.csv:md5,c0093b9583e99d3bac25cb35d8fe827d"
                    ]
                ],
                "1": [
                    "versions.yml:md5,14f47f2e49598c2329ce0bc653f5ce0e"
                ],
                "csv": [
                    [
                        {
                            "id": "test",
                            "single_end": false
                        },
                        "test_pydamage_results.csv:md5,c0093b9583e99d3bac25cb35d8fe827d"
                    ]
                ],
                "versions": [
                    "versions.yml:md5,14f47f2e49598c2329ce0bc653f5ce0e"
                ]
            }
        ],
        "meta": {
            "nf-test": "0.9.2",
            "nextflow": "24.10.5"
        },
        "timestamp": "2025-03-24T16:21:02.976824"
    }
}