{
    "test-pydamage-filter": {
        "content": [
            {
                "0": [
                    [
                        {
                            "id": "test",
                            "single_end": false
                        },
                        "test_pydamage_filtered_results.csv:md5,6414a400229f9cc5e31368703020b039"
                    ]
                ],
                "1": [
                    "versions.yml:md5,6c9e5b134c5734791bbf1d857be251c9"
                ],
                "csv": [
                    [
                        {
                            "id": "test",
                            "single_end": false
                        },
                        "test_pydamage_filtered_results.csv:md5,6414a400229f9cc5e31368703020b039"
                    ]
                ],
                "versions": [
                    "versions.yml:md5,6c9e5b134c5734791bbf1d857be251c9"
                ]
            }
        ],
        "meta": {
            "nf-test": "0.9.2",
            "nextflow": "24.10.5"
        },
        "timestamp": "2025-03-25T13:26:34.666732"
    }
}